// Jest Snapshot v1, https://goo.gl/fbAQLP

exports[`NameInput.vue renders textarea item correctly 1`] = `
<div
  class="build-test-u-flex-column build-test-u-spacer"
>
  <label
    class="build-test__input-label build-test-u-spacer build-test-u-lightgrey-color"
  >
    
    Kindly asking you to provide your name
  
  </label>
   
  <input
    class="build-test__input build-test-u-spacer"
    placeholder="Jhon Doe ðŸ˜Ž"
    type="text"
  />
</div>
`;
