// Jest Snapshot v1, https://goo.gl/fbAQLP

exports[`TextInput.vue renders button correctly 1`] = `
<button
  class="build-test__button"
  type="button"
>
  <span
    class="build-test__button-text"
  >
    
    Let it go...
  
  </span>
</button>
`;
